// Jest Snapshot v1, https://goo.gl/fbAQLP

exports[`test button component with title 1`] = `
<View
  accessible={true}
  focusable={false}
  forwardedRef={[Function]}
  onClick={[Function]}
  onResponderGrant={[Function]}
  onResponderMove={[Function]}
  onResponderRelease={[Function]}
  onResponderTerminate={[Function]}
  onResponderTerminationRequest={[Function]}
  onStartShouldSetResponder={[Function]}
  style={
    Object {
      "alignItems": "center",
      "backgroundColor": "#00ac51",
      "borderBottomWidth": null,
      "borderColor": "#007aff",
      "borderLeftWidth": null,
      "borderRadius": 4,
      "borderRightWidth": null,
      "borderTopWidth": null,
      "borderWidth": undefined,
      "elevation": 2,
      "flexDirection": "row",
      "height": 45,
      "justifyContent": "space-between",
      "opacity": 1,
      "paddingBottom": 6,
      "paddingTop": 6,
      "shadowColor": undefined,
      "shadowOffset": undefined,
      "shadowOpacity": undefined,
      "shadowRadius": undefined,
    }
  }
>
  <Text
    style={
      Array [
        Object {
          "backgroundColor": "transparent",
          "color": "#fff",
          "fontFamily": "System",
          "fontSize": 16.5,
          "marginLeft": 0,
          "marginRight": 0,
          "paddingLeft": 16,
          "paddingRight": 16,
        },
        Object {
          "color": "#ffffff",
        },
        undefined,
        undefined,
      ]
    }
    uppercase={false}
  >
    test
  </Text>
</View>
`;
